      788888888889
      4..........6
      4..........6
      4..........6
      4..........6
      4..........6
      4..........6
      4..........6
      4..........6
      1222Z..C2223
        4..6
        4..6
        4..6
        1=23
        7S888889
        4......6
        4......6
        4......6
        4......6
        4......6
        4......6
        4......6
        12Z..C23
         4..6
         4..6
  78888889   4..6
  4......6   4..6
  4......6   4..6
7888Q......E88888Q..6
4...............**..6
4...............**..6
4^^CZ......C222222223
4^^64......6
4^^64......6
4^^612222223
4^^6
4^^6
Q--E
from 11 0
from 19 0
from 0 28 to 4 0
from 4 25
from 15 14
from 12 23
from 15 10 4 4 to 0 0

. stone-tile floor
^ stairs stairs
- front-door door
* stone-tile floor flip-over
8 brick-wall wall
4 brick-wall wall turn-left
6 brick-wall wall turn-right
2 brick-wall wall flip-down
7 brick-corner wall
9 brick-corner wall flip-over
1 brick-corner wall flip-down
3 brick-corner wall flip-down flip-over
Q brick-edge wall
E brick-edge wall flip-over
Z brick-edge wall flip-down
C brick-edge wall flip-over flip-down
S brick-wall wall flip-over
= front-door floor

floor lightgrey slategrey darkslategrey black
stairs lightgrey darkslategrey
door white mediumpurple indigo black
wall palegoldenrod darkgoldenrod black saddlebrown

stone-tile
aaaaaaaaaaaaaaaa
aaccccccacccccaa
acbbbbbcacccccca
acbbbbbcacccccca
acbbbbacacccccca
acbbbacaaaaaccca
acaaacacccccacca
accccacccccccaaa
aaaaacccccccacca
accccacccccacbca
acccccacccacbbca
accccccaaacbbbca
accccccaccbbbbca
accccccacaaaaaca
aacccccaccccccaa
aaaaaaaaaaaaaaaa

stairs
aaaaaaaaaaaaaaaa
aaaaaaaaaaaaaaaa
bbbbbbbbbbbbbbbb
bbbbbbbbbbbbbbbb
baaaaaaaaaaaaaab
baaaaaaaaaaaaaab
bbbbbbbbbbbbbbbb
bbbbbbbbbbbbbbbb
bbaaaaaaaaaaaabb
bbaaaaaaaaaaaabb
bbbbbbbbbbbbbbbb
bbbbbbbbbbbbbbbb
bbbaaaaaaaaaabbb
bbbaaaaaaaaaabbb
bbbbbbbbbbbbbbbb
bbbbbbbbbbbbbbbb

front-door
daaaaaaaaaaaaaad
daaaaaaaaaaaaaad
daaaaaaaaaaaaaad
dbbbbbbbbbbbbbbd
dbccccccccccccbd
dbccccccccccccbd
dbccccccccccccbd
dbccccccccccccbd
dbccccccccccccbd
dbccccccccccccbd
dbccaaccccaaccbd
dbcabbaccabbacbd
dbabbbbaabbbbabd
dbbbddbbbbddbbbd
dbbddddbbddddbbd
dddddddddddddddd

wall
aaaaaaaaaaaaaaaa
bdcbbbbbbdcbbbbb
ddcbddbdddcbddbd
ddcdddddddcddddd
ddcdddddddcddddd
cccccccccccccccc
bbbbdcbbbbbbdcbb
dddddcdddddddcdd
dddddcdddddddcdd
cccccccccccccccc
bdcbbbbbbdcbbbbb
ddcdddddddcddddd
cccccccccccccccc
dddddcdddddddcdd
cccccccccccccccc

brick-corner
aaaaaaaaaaaaaaaa
abbbbbbbbdcbbbbb
abcccdddddcbddbd
abccccddddcddddd
abdccccdddcddddd
abddcccccccccccc
abdddcccbbbbdcbd
abdddcccdddddcdd
abdddcbdccdddcdd
abbddcbdcccccccc
abdddcccccccbbbb
abdddcdddcccdddd
abbddcbddcbccccc
acccccbddcbdccdd
addddcbddcbdcccc
abdddcbddcbdcdcc

brick-edge
aabddcbddcbdcdccc
aabbdcddddcbdcdcc
bbabdcccccbdccccc
dbbabcbdddbdcdccc
dddbacbddcbdcdccc
cccccbbddccccdccc
dddddbaddcddcdccc
ddddddbadcbdcdccc
dddddcddacbdcdccc
cccccccccdbdcdccc
bdcbbbbbbbadcdccc
ddcddddddddbcdccc
ccccccccccccdbccc
dddddcdddddddbccc
ccccccccccccccccc
