abcdefgh
ijklmnop
qrstuvwx
yzABCDEF
GHIJKLMN
OPQRSTUV
WXYZ`~!@
#$%
^&*[]{}1
23456789

0 0

a block stone
b brick-corner brick
c brick-edge brick
d brick-wall brick
e broken-floor sand
f bubble-tile shiny
g cave-corner sand
h cave-edge sand
i cave-floor sand
j cave-wall sand
k floral-stone sand
l shiny-tile shiny
m shuttered-door door
n stairs stairs
o stair-down door
p stair-up door
q standing-brazier lantern
r statue door
s stone-corner stone
t stone-edge stone
u stone-wall stone
v stone-floor stone
w stone-tile stone
x tile-floor stairs
y floral-patch grass
z sand-tile sand
A tall-grass grass
B sandy-patch sand
C thick-tile door
D marble-tile door
E organic-corner grass
F organic-side grass
G organic-path grass
H thin-grass grass
I stoney-patch stone
J wall-braziers brazier
K wet-floor shallow
L half-door half-door
M stair-door door
N tunic sprite-red-4
O tome sprite-blue-4
P chest chest
Q potion potion-green
R cloak sprite-red-4
S gauntlet gauntlet
T boot sprite-red-4
U pendant pendant
V scroll scroll
W shovel shovel
X staff sprite-blue-4
Y wand1 sprite-red-4
Z wand2 sprite-blue-4
` whip sprite-red-4
~ shield shovel
! bow-and-arrow bow-and-arrow
@ broadsword sprite-red-blue-5
# short-sword sprite-blue-4
$ crystal sprite-red-5
% spell-fire sprite-red-5
^ spell-vortex sprite-blue-4
& spell-lightning sprite-blue-4
* spell-wave sprite-blue-4
[ half-heart heart
] heart heart
{ heart-10 heart
} heart-25 heart
1 mana-one mana
2 mana-two mana
3 mana-three mana
4 mana-four mana
5 mana-five mana
6 mana-six mana
7 mana-seven mana
8 mana-eight mana
9 mana-nine mana

floor lightgrey slategrey darkslategrey black
stairs lightgrey darkslategrey
door white mediumpurple indigo black
wall palegoldenrod darkgoldenrod black saddlebrown
shallow lightblue blue
block mediumpurple indigo black
half-door white orangered maroon palegoldenrod darkgoldenrod saddlebrown mediumpurple indigo black
black-border none black
sand white tan brown black
shiny lightblue blue indigo black
stone lightgreen green darkgreen black
brick white pink black purple
grass white lightgreen darkgreen
red-border none red
lantern white orangered maroon black darkgoldenrod saddlebrown
blue-border none blue
brazier white orangered maroon palegoldenrod darkgoldenrod saddlebrown black
green-border none green
pendant none black white gold lightgreen green
scroll none black orange gold white
heart none black white red darkred
mana none black white darkgreen
chest white yellow tan brown black
potion-red none white tan brown grey pink red darkred black
potion-blue none white tan brown grey cyan blue darkblue black
potion-green none white tan brown grey lightgreen green darkgreen black
sprite-red-4 none white red black
sprite-blue-4 none white blue black
gauntlet none white lightgrey slategrey darkgoldenrod black
shovel none brown grey black
bow-and-arrow none white tan brown blue indigo black
sprite-red-blue-5 none white red blue black
sprite-red-5 none white red darkred black

stone-tile
aaaaaaaaaaaaaaaa
aaccccccacccccaa
acbbbbbcacccccca
acbbbbbcacccccca
acbbbbacacccccca
acbbbacaaaaaccca
acaaacacccccacca
accccacccccccaaa
aaaaacccccccacca
accccacccccacbca
acccccacccacbbca
accccccaaacbbbca
accccccaccbbbbca
accccccacaaaaaca
aacccccaccccccaa
aaaaaaaaaaaaaaaa

stairs
aaaaaaaaaaaaaaaa
aaaaaaaaaaaaaaaa
bbbbbbbbbbbbbbbb
bbbbbbbbbbbbbbbb
baaaaaaaaaaaaaab
baaaaaaaaaaaaaab
bbbbbbbbbbbbbbbb
bbbbbbbbbbbbbbbb
bbaaaaaaaaaaaabb
bbaaaaaaaaaaaabb
bbbbbbbbbbbbbbbb
bbbbbbbbbbbbbbbb
bbbaaaaaaaaaabbb
bbbaaaaaaaaaabbb
bbbbbbbbbbbbbbbb
bbbbbbbbbbbbbbbb

front-door
daaaaaaaaaaaaaad
daaaaaaaaaaaaaad
daaaaaaaaaaaaaad
dbbbbbbbbbbbbbbd
dbccccccccccccbd
dbccccccccccccbd
dbccccccccccccbd
dbccccccccccccbd
dbccccccccccccbd
dbccccccccccccbd
dbccaaccccaaccbd
dbcabbaccabbacbd
dbabbbbaabbbbabd
dbbbddbbbbddbbbd
dbbddddbbddddbbd
dddddddddddddddd

brick-wall
aaaaaaaaaaaaaaaa
bdcbbbbbbdcbbbbb
ddcbddbdddcbddbd
ddcdddddddcddddd
ddcdddddddcddddd
cccccccccccccccc
bbbbdcbbbbbbdcbb
dddddcdddddddcdd
dddddcdddddddcdd
cccccccccccccccc
bdcbbbbbbdcbbbbb
ddcdddddddcddddd
cccccccccccccccc
dddddcdddddddcdd
cccccccccccccccc
cccccccccccccccc

brick-corner
aaaaaaaaaaaaaaaa
abbbbbbbbdcbbbbb
abcccdddddcbddbd
abccccddddcddddd
abdccccdddcddddd
abddcccccccccccc
abdddcccbbbbdcbd
abdddcccdddddcdd
abdddcbdccdddcdd
abbddcbdcccccccc
abdddcccccccbbbb
abdddcdddcccdddd
abbddcbddcbccccc
acccccbddcbdccdd
addddcbddcbdcccc
abdddcbddcbdcdcc

brick-edge
aabddcbddcbdcdcc
aabbdcdddcbdcdcc
bbabdcccccbdcccc
dbbabcbdddbdcdcc
dddbacbddcbdcdcc
cccccbbddccccdcc
dddddbaddcddcdcc
ddddddbadcbdcdcc
dddddcddacbdcdcc
cccccccccdbdcdcc
bdcbbbbbbbadcdcc
ddcddddddddbcdcc
ccccccccccccdbcc
dddddcdddddddbcc
cccccccccccccccc
cccccccccccccccc

bubble-tile
bbbaaaaaaaaaabbb
bbaabbbbbbbbaabb
baabaaaabbbbbaab
aabaabbbbbbbbbaa
abaabbbbbbbbbbba
ababbbbbbbbbbbba
ababbbbbbbbbbbba
abbbbbbbbbbbbbba
ababbbbbbbbbbbba
abbbbbbbbbbbbcba
abbbbbbbbbbbbcba
abbbbbbbbbbbccba
aabbbbbbbbbccbaa
baabbbccccccbaab
bbaabbbbbbbbaabb
bbbaaaaaaaaaabbb

block
cccccccccccccccc
caabbbbbbbbbbbbc
cbbabbbbbbbbbccc
cbbbaaaaaaaacccc
cbbbabbbbbbacccc
cbbbabaaaabacccc
cbbbabaaaabacccc
cbbbabaaaabacccc
cbbbabaaaabacccc
cbbbabbbbbbacccc
cbbbaaaaaaaacccc
cbbbccccccccaccc
cbbccccccccccacc
cbccccccccccccac
ccccccccccccccac
cccccccccccccccc

broken-floor
aabaaabaaaabaaaa
aabbbbbaaaaabaab
bbbaaabaaaaaccba
abaaaaacaaaacaaa
abaaaaaccccccaaa
aabaaacaaacaacaa
aaacccaaaacaaaca
aaaaacaaacaaaaac
aaaaacbaacaaaaac
aaaaaccccccccaac
bbaacaaccbaaacca
aabcaaaacaaaacaa
aaabaaaacaaaacaa
aaabbaaaccbbbbba
abbaabbbaaaaaaab
aaaaaaabaaaaaaaa

cave-wall
abccccccdbbbcccd
aabbcccccdbbccdd
baabbcccccdccddc
bbaabbccccddddcb
bbaabbbbcccdddcb
baabbbbcccdccddc
aabbcccccdbbccdd
aabccddddbbbbccd
abccccccdbbbcccd
aabbcccccdbbccdd
baabbcccccdccddc
bbaabbccccddddcb
bbaabbbbcccdddcb
baabbbbcccdccddc
aabbcccccdbbccdd
aabccddddbbbbccd

cave-edge
dccbbbbddcccbaab
ddccbbdcccbbaaba
cddccdcccbbbaaaa
bcdddccccbbbaaab
bcddddcccbbabbbc
cddccdcccbabbbbc
ddccbbdcccbbbbcd
dcccbbbdcccccccd
dccccccddccccccd
cddddddcbdccccdb
bddcbbdcbbdcddbb
bdcbbbdcbbcddcbb
bdcbbcdcbccddccc
bcdccddcccddddcc
bbcddddccddccddc
dbbbbcddddcbbcdd

cave-floor
bbbbbccbbbcbbbbb
bbcbcabdbbbbbbbb
bbbbccddbbbbbbbb
bbbbbbbbbbbcbbbb
bbcbbbbbbbcadbbb
bbbbbbcbbbcdcbbb
bccbbbbbbbbbbbbb
caccbbbccbbbbbbb
cccdbbbcacbbbbcb
bddcbbbcccbbbbbb
bbbbccbbbbbbbbbb
bcbcabcbbbbccbbb
bbbdbcdbbbcabcbb
bbbcddcbbbcbcdbb
bbbbbbbbbbbddcbb
aaaaaaaaaaaaaaaa

cave-corner
bbbaaaaaaabbbbaa
bbbaabbbaaabbaab
bbaaabccbbaaaabc
aaaaabcccbbaabbc
aaaabbccccbbbbcc
abbbbbccdcbbbccc
abbcccccdcbbcccc
abccdddddccbcccc
abccccccdcccccdb
aabbccccddccddbb
baabbccccdddcbbb
bbaabbccccddccbb
bbaabbbbcdcddccc
baabbbbcdcccddcc
aabbccccdbcccddc
aabccdddbbbcccdd

floral-stone
aabbbbbaaaabaaaa
aabbbbbaaaaabaaa
babaaabaaababbbb
abaaaaabaaaabaaa
abaaaaabbbbbbaaa
abbaaabbbbbaabaa
baabbbbbbbbaaabb
aaaaabbbbbbaaaab
aabaabbbbbbaaaab
baaaabbbbbbbaaab
bbaabaaabaaabbba
abbbaaaabaaaabaa
abbbaaaabaababaa
abbbbaabbbaaabaa
bbaaabbbbbbbbaab
abaaabbbbbbaaaaa

half-door
bccccccbiaaaaaaa
ccbbbbcciaaaaaaa
cbbaabbciaaaaaaa
cbaaaabciggggggg
cbaaaabcighhhhhh
cbbaabbcighhhhhh
ccbbbbccighhhhhh
bccccccbighhhhhh
iddddddiighhhhhh
ieeeeeeiighhiihh
iiiiiiiiighiaaih
fieddeifigiaggai
fieddeifigagggga
fiieeiifigggiigg
iiiiiiiiiggiiiig
iiiiiiiiiiiiiiii

shiny-tile
aaaaaaaaaaaaaaaa
aabbbbbbbbbbbbaa
abbbbabbaaabbbba
abbaabbaabbbbbba
abaabbaabbbbbbba
ababbaabbbbbbbba
abbbaabbbbbbbbba
abbaabbbbbbbbbba
abaabbbbbbbbbbba
ababbbbbbbbbbbba
ababbbbbbbbbbbba
abbbbbbbbbbbbbba
abbbbbbbbbbbbbba
acbbbbbbbbbbbbca
aaccccccccccccaa
aaaaaaaaaaaaaaaa

shuttered-door
daaaaaaaaaaaaaad
daaaaaaaaaaaaaad
daaaaaaaaaaaaaad
dbbbbbbbbbbbbbbd
dbccccccccccccbd
dbccccccccccccbd
dbccccccccccccbd
dbccccccccccccbd
dbccccccccccccbd
dbccccccccccccbd
dbccaaccccaaccbd
dbcabbaccabbacbd
dbabbbbaabbbbabd
dbbbddbbbbddbbbd
dbbddddbbddddbbd
dddddddddddddddd

standing-brazier
acddddddddddddca
cdaaaadaddaaaadc
daaaadaadadbaaad
daaadabadaadbaad
daadaabbabadbaad
daadabbcbbadbaad
daadabbccbadbaad
daaadabddadbaaad
daaaaaaaaaaaaaad
dfaaaaaaaaaaaafd
daffffffffffffad
daaaaaaaaaaaaaad
deaaadaaaadaaaed
edeaaadaadaaaede
dadeeeeeeeeeedad
ddfddddddddddfdd

stair-down
cccccccccccccccc
caaaaaaaaaaaaaac
cadccccccdddddac
cadccccccdaaadac
caddddddddaaadac
caddddddddaaadac
caddddbbbdaaadac
caddddbbbdaaadac
caddddbbbdaaadac
cadccdbbbdaaadac
cadccdbbbdaaadac
cadccdbbbdaaadac
cadccdbbbdaaadac
caddddddddddddac
caaaaaaaaaaaaaac
cccccccccccccccc

stair-door
aaaaaaaaaaaaaaaa
bbbbbbbbbbbbbbbb
bbcddddddddddcbb
bcdddddddbbbbdcb
bddddddddbabbbdb
bddddddddcbabbdb
bdddddbbdccbabdb
bddddbbbbdccbadb
bdddbabbbbdccbdb
bdddcbaabbbdccdb
bdddcccbaabbdcdb
bdddddcccbaabddb
bdbabddddccbabdb
bdaaaaabddddccdb
bdaaaaaaaabddddb
dddddddddddddddd

stair-up
ccccccccccdddddd
caaaaaaaaadbbbbd
cabbbbdddddbbbbd
cabbbbdbbbdbbbbd
cadddddbbbdbbbbd
cadbbbdbbbdbbbbd
cadbbbdbbbdaaaad
cadbbbdbbbdddddd
cadbbbdaaadddddd
cadbbbdddddddddd
cadaaadddddddddd
cadddddddddddddd
cadddddddddddddd
cabbbbbbbbbbbbbc
caaaaaaaaaaaaaac
cccccccccccccccc

statue
bbbbbddddddbdddd
bbdddcbaabcdddbb
bdaadbbaabbdaadb
bdbdcbbbbbbdbbdb
bdcdbbddddbbdcdb
bbdcbdaaaadbcdbb
bddcdaaddaadcddb
dadcdbaddabdcdad
dbdddcbaabcdddbd
dddcbddddddbcddd
dadcbbbbbbbbcdad
daadcbbaabbcdaad
bddddcbbbbcddddd
bbdabdccccdbaddb
bdabbcddddcbbadb
bddddddddddddddb

stone-wall
aaaaaaaaaaaaaaaa
bccccccccccccccc
cbbccccccbbccccc
cccccccccccccccc
cccccccccccccccc
cccccddccccccddc
cccccbbccccccbbc
cccccccccccccccc
cccddccccccddccc
dddddddddddddddd
bbbbbccbbbbbbccb
cccccbbccccccbbc
ddccccccddcccccc
cccccccccccccccc
dddddddddddddddd
dddddddddddddddd

stone-floor
bcaabaabbcaabaaa
abcaaacbbbcaaaaa
aabcccbaaabcabaa
aabbbbaaaaabcaba
aabbaaaabacbbaaa
acbaabaaacbbbcaa
cbaabaaacbaaabcc
bbabaaacbaaaaabb
bbcaaacbaaaaaacb
aabcccbaaaabacba
aaabbbaaaabacbaa
aaaabaababacbbaa
abaabcaaaacbbbaa
aabaabccccbaabca
aaabaabbbbaaaabc
caaaaaabbaaaaaab

stone-edge
aacccccccdbcccdd
aabccccccdcbccdd
cbabcccccdcbccdd
ccbabcccddbcccdd
cccbabccddbcccdd
ccccbabccdbcccdd
cccccbabcdbcdcdd
ccccccbacdbcdcdd
cccddcccadbcccdd
dddddddddcbcccdd
bbbbbccbbbacccdd
cccccbbccccbccdd
ddccccccccccbcdd
cccccccccccccbdd
dddddddddddddddd
dddddddddddddddd

stone-corner
aaaaaaaaaaaaaaaa
abbbbbbbbbbbbbbb
abddcccccbbccccc
abdddccccccccccc
abcdddcccccccccc
abccdddccccccddc
abcccdddcccccbbc
abccccddcccccccc
abccccccddcccccc
abcccdbcdddddddd
abcccdbccdddbbbb
abcccccccdddcccc
abcccccccdbdcccc
abbccccccdbcddcc
abbccccccdbccddd
abcccccccdbcccdd

floral-patch
bbbbbbbbbbbbbbbb
bbbaaabbbbbcbbbb
babaaababbcbbbbb
baacccaabccbbbbb
baacccaabccbcccb
bcacccacbcbcccbb
bbcaaacbbbbccbbb
bbbcccbbbbbbbbbb
bbbbbbbbbbbbbbbb
bbbbcbbbbbaaabbb
bbbbbcbbabaaabab
bbbbbccbaacccaab
bcccbccbaacccaab
bbcccbcbcacccacb
bbbccbbbbcaaacbb
bbbbbbbbbbcccbbb

sand-tile
abbbbbbaabbbbbba
bbbbbbbbbbbbbbbb
bbbbcbbbbbbbcbbb
bbbbbbbbbbbbbbbb
bcbbbbbbbcbbbbbb
bbbbbabbbbbbbabb
bbbbbbbbbbbbbbbb
abbbbbbaabbbbbba
abbbbbbaabbbbbba
bbbbbbbbbbbbbbbb
bbbbcbbbbbbbcbbb
bbbbbbbbbbbbbbbb
bcbbbbbbbcbbbbbb
bbbbbabbbbbbbabb
bbbbbbbbbbbbbbbb
abbbbbbaabbbbbba

tall-grass
bcccbbccbccbccab
bbcbbcccbcbbcabc
cbbcccacccbcbabc
acbccabcccbcbbcb
baccbbcbabbbccbb
babcbbccbaccbbcc
cbbcbccbcbbcbcca
ccbcbcbcccbcbcab
abcccbbcabcccbbc
cabccbbccabccbbc
cbabcbcccbbbcbcc
ccbbcccaccbbccac
bcbbccabcbcbccac
bbcbcbbccbbccbbc
bbcbcbcbcbbccbbc
cbcccccbbcbccbcc

thick-tile
aaaaaaaaaaaaaaaa
abbbbbbcabbbbbbc
abbbbbbcabbbbbbc
abbbbbbcabbbbbbc
abbbbbbcabbbbbbc
abbbbbbcabbbbbbc
aaaaaaacaaaaaaac
acccccccaccccccc
aaaaaaaaaaaaaaaa
abbbbbbcabbbbbbc
abbbbbbcabbbbbbc
abbbbbbcabbbbbbc
abbbbbbcabbbbbbc
abbbbbbcabbbbbbc
aaaaaaacaaaaaaac
acccccccaccccccc

marble-tile
aaaaaaaaaaaaaaaa
abbbbbbcabbbbbbc
abbcbbbcabbcbbbc
abbbbbbcabbbbbbc
acbbbbbcacbbbbbc
abbbbcbcabbbbcbc
aaaaaaacaaaaaaac
acccccccaccccccc
aaaaaaaaaaaaaaaa
abbbbbbcabbbbbbc
abbcbbbcabbcbbbc
abbbbbbcabbbbbbc
acbbbbbcacbbbbbc
abbbbcbcabbbbcbc
aaaaaaacaaaaaaac
acccccccaccccccc

organic-side
aaaaaaaaaaaaaaaa
cbaaaabccbaaaabc
bcbaabcbbcbaabcb
bbccccbbbbccccbb
bbbbbbbbbbbbbbbb
bbbbbbbbbbbbbbbb
bbbbbbbbbbbbbbbb
bbbbbbbbbbbbbbbb
bbbbbbbbbbbbbbbb
bbbbbbbbbbbbbbbb
bbbbbbbbbbbbbbbb
bbbbbbbbbbbbbbbb
bbbbbbbbbbbbbbbb
bbbbbbbbbbbbbbbb
bbbbbbbbbbbbbbbb
bbbbbbbbbbbbbbbb

organic-corner
aaaaaaaaaaaaaaaa
cbaaaabccbaaaaaa
bcbaabcbbcccbaaa
bbccccbbbbbbcbaa
bbbbbbbbbbbbbcaa
bbbbbbbbbbbbbcaa
bbbbbbbbbbbbbcba
bbbbbbbbbbbbbbca
bbbbbbbbbbbbbbca
bbbcbbbbbbbbbcba
bbcbbbbbbbbbcbaa
bccbbbbbbbbbcaaa
bccbcccbbbbbcaaa
bcbcccbbbbbbcbaa
bbbccbbbbbbbbcba
bbbbbbbbbbbbbbca

organic-path
aaaaaaaaaaaaaaaa
cbaaaabccbaaaabc
bcbaabcbbcbaabcb
bbccccbbbbccccbb
bbbbbbbbbbbbbbbb
bbbbbbbbbbbbbbbb
bbbbbbbbbbbbbbbb
bbbbbbbbbbbbbbbb
bbbbbbbbbbbbbbbb
bbbbbbbbbbbbbbbb
bbbbbbbbbbbbbbbb
bbbbbbbbbbbbbbbb
bbccccbbbbccccbb
bcbaabcbbcbaabcb
cbaaaabccbaaaabc
aaaaaaaaaaaaaaaa

thin-grass
aaaaaaaaaaaaaaaa
aabaaaaaaaaaaaaa
aabbaabaaaaaaaaa
aaababbaaaaaaaaa
bbaaabaaaaaaaaaa
abbaaaaaaaaaaaaa
aaaaaaaaaaaaaaaa
aaaaaaaaaaaaaaaa
aaaaaaaaaaaaaaaa
aaaaaaaaaabaaaaa
aaaaaaaaaabbaaba
aaaaaaaaaaababba
aaaaaaaabbaaabaa
aaaaaaaaabbaaaaa
aaaaaaaaaaaaaaaa
aaaaaaaaaaaaaaaa

sandy-patch
bbbabbbabbbabbba
acbbbabbacbbbabb
bbaabbbbbbaabbbb
abbbbabaabbbbaba
bbbabbbcbbbabbbc
babbbbbbbabbbbbb
bbbbacabbbbbacab
ababbcbbababbcbb
bbbabbbabbbabbba
acbbbabbacbbbabb
bbaabbbbbbaabbbb
abbbbabaabbbbaba
bbbabbbcbbbabbbc
babbbbbbbabbbbbb
bbbbacabbbbbacab
ababbcbbababbcbb

stoney-patch
aacccaaaaaaaaaaa
acbbccaaaaaaaaaa
cbbbbccaaaaaaaaa
cbcbbccaaaacccaa
cccbcccaaacbbcca
acccccaaaacbccca
aaaaaaaaaabcccba
aaaaaaaaaaaaaaaa
aaaaaaaaaacccaaa
aaaaaaaaacbbccaa
aaaaaaaacbbbbcca
aaacccaacbcbbcca
aacbbccacccbccca
aacbcccaacccccaa
aabcccbaaaaaaaaa
aaaaaaaaaaaaaaaa

tile-floor
aaaaaaaabbbbbbbb
aaaaaaaabbbbbbbb
aaaaaaaabbbbbbbb
aaaaaaaabbbbbbbb
aaaaaaaabbbbbbbb
aaaaaaaabbbbbbbb
aaaaaaaabbbbbbbb
aaaaaaaabbbbbbbb
bbbbbbbbaaaaaaaa
bbbbbbbbaaaaaaaa
bbbbbbbbaaaaaaaa
bbbbbbbbaaaaaaaa
bbbbbbbbaaaaaaaa
bbbbbbbbaaaaaaaa
bbbbbbbbaaaaaaaa
bbbbbbbbaaaaaaaa

wall-braziers
bccccccbbccccccb
ccbbbbccccbbbbcc
cbbaabbccbbaabbc
cbaaaabccbaaaabc
cbaaaabccbaaaabc
cbbaabbccbbaabbc
ccbbbbccccbbbbcc
bccccccbbccccccb
gddddddggddddddg
geeeeeeggeeeeeeg
gggggggggggggggg
fgeddegffgeddegf
fgeddegffgeddegf
fggeeggffggeeggf
gggggggggggggggg
gggggggggggggggg

wet-floor
bbbbbbbbbbbbbbbb
baabbbbbbaabbbbb
bbbbbbbbbbbbbbbb
bbbbbbbbbbbbbbbb
bbbbbbbbbbbbbbbb
bbbbaabbbbbbaabb
bbbbbbbbbbbbbbbb
bbbbbbbbbbbbbbbb
bbbbbbbbbbbbbbbb
baabbbbbbaabbbbb
bbbbbbbbbbbbbbbb
bbbbbbbbbbbbbbbb
bbbbbbbbbbbbbbbb
bbbbaabbbbbbaabb
bbbbbbbbbbbbbbbb
bbbbbbbbbbbbbbbb

pendant
aaabbbaaabbbaaaa
aabcddbabddcbaaa
abcbbbcbdbbbcbaa
bdbcbbbdbbbcbdba
bdbbddbdbddbcbdb
abcdbbbdbbbdbbdb
aabbaaabcbbdbbcb
aaaaaabbcbcbdcba
aaaaabcbbebcbbaa
aaaabccceffbaaaa
aaaabeceffcbaaaa
aaaabeefecebaaaa
aaaabfeeeefbaaaa
aaaaabffffbaaaaa
aaaaaabbbbaaaaaa
aaaaaaaaaaaaaaaa

scroll
aaaaabbbbaaaaaaa
aaaabcdddbaaaaaa
aaabcddeedbabbaa
aaabcddeeebbedba
aaabcdddeebbbedb
aabcddeeebcdcbdb
aabcdddebcdedcdb
aabcdeeebcdeeddb
abcdddebcdececba
abcdeeebcdceddba
bcddeebcdeeedbaa
bdbbdebcceeddbaa
bdbeebcdeeddbaaa
bcdbbddeeddbaaaa
abcddddddbbaaaaa
aabbbbbbbaaaaaaa

half-heart
aaabbbaaaabbbaaa
aabcccbaabcccbaa
abcbbbcbbcbbbcba
bcbbbbbccbbbbbcb
bcbbbccbbccbbbcb
bcbbcddccddcbbcb
bcbbcdeddedcbbcb
abcbcdeeeedcbcba
abcbbcdeedcbbcba
aabcbbcddcbbcbaa
aaabcbbccbbcbaaa
aaaabcbbbbcbaaaa
aaaaabcbbcbaaaaa
aaaaaabccbaaaaaa
aaaaaaabbaaaaaaa
aaaaaaaaaaaaaaaa

heart
aaabbbaaaabbbaaa
aabcccbaabcccbaa
abcdddcbbcdddcba
bcdddddccddeedcb
bcdddeedddeeedcb
bcddeeeedeeeedcb
bcddeeeccceeedcb
abcddeeceeeedcba
abcdeeeccceedcba
aabcdeeeecedcbaa
aaabcdecccdcbaaa
aaaabcdeedcbaaaa
aaaaabcddcbaaaaa
aaaaaabccbaaaaaa
aaaaaaabbaaaaaaa
aaaaaaaaaaaaaaaa

heart-10
aaabbbaaaabbbaaa
aabcccbaabcccbaa
abcdddcbbcdddcba
bcdddddccdddddcb
bcdddcdddcccddcb
bcddccdddcdcddcb
bcdddcdddcdcddcb
abcddcdddcdcdcba
abcdcccddcccdcba
aabcddddddddcbaa
aaabcddddddcbaaa
aaaabcddddcbaaaa
aaaaabcddcbaaaaa
aaaaaabccbaaaaaa
aaaaaaabbaaaaaaa
aaaaaaaaaaaaaaaa

heart-25
aaabbbaaaabbbaaa
aabcccbaabcccbaa
abcdddcbbcdddcba
bcdddddccdddddcb
bcddcccddcccddcb
bcddddcddcddddcb
bcdddcdddcccddcb
abcdcddddddcdcba
abcdcccddcccdcba
aabcddddddddcbaa
aaabcddddddcbaaa
aaaabcddddcbaaaa
aaaaabcddcbaaaaa
aaaaaabccbaaaaaa
aaaaaaabbaaaaaaa
aaaaaaaaaaaaaaaa

mana-one
aaaaaabbbbaaaaaa
aaaabbccccbbaaaa
aaabccddddccbaaa
aabcddddddddcbaa
abcddddddddddcba
abcdddddcddddcba
bcdddddccdddddcb
bcddddcdcdddddcb
bcddddddcdddddcb
bcddddddcdddddcb
abcddddcccdddcba
abcddddddddddcba
aabcddddddddcbaa
aaabcddddddcbaaa
aaaabbccccbbaaaa
aaaaaabbbbaaaaaa

mana-two
aaaaaabbbbaaaaaa
aaaabbccccbbaaaa
aaabccddddccbaaa
aabcddddddddcbaa
abcddddddddddcba
abcdddccccdddcba
bcdddddddcddddcb
bcdddddddcddddcb
bcddddccccddddcb
bcddddcdddddddcb
abcdddccccdddcba
abcddddddddddcba
aabcddddddddcbaa
aaabcddddddcbaaa
aaaabbccccbbaaaa
aaaaaabbbbaaaaaa

mana-three
aaaaaabbbbaaaaaa
aaaabbccccbbaaaa
aaabccddddccbaaa
aabcddddddddcbaa
abcddddddddddcba
abcdddccccdddcba
bcdddddddcddddcb
bcddddccccddddcb
bcdddddddcddddcb
bcdddddddcddddcb
abcdddccccdddcba
abcddddddddddcba
aabcddddddddcbaa
aaabcddddddcbaaa
aaaabbccccbbaaaa
aaaaaabbbbaaaaaa

mana-four
aaaaaabbbbaaaaaa
aaaabbccccbbaaaa
aaabccddddccbaaa
aabcddddddddcbaa
abcddddddddddcba
abcddddddcdddcba
bcddddddccddddcb
bcdddddcdcddddcb
bcddddccccddddcb
bcdddddddcddddcb
abcddddddcdddcba
abcddddddddddcba
aabcddddddddcbaa
aaabcddddddcbaaa
aaaabbccccbbaaaa
aaaaaabbbbaaaaaa

mana-five
aaaaaabbbbaaaaaa
aaaabbccccbbaaaa
aaabccddddccbaaa
aabcddddddddcbaa
abcddddddddddcba
abcdddccccdddcba
bcddddcdddddddcb
bcddddccccddddcb
bcdddddddcddddcb
bcdddddddcddddcb
abcdddccccdddcba
abcddddddddddcba
aabcddddddddcbaa
aaabcddddddcbaaa
aaaabbccccbbaaaa
aaaaaabbbbaaaaaa

mana-six
aaaaaabbbbaaaaaa
aaaabbccccbbaaaa
aaabccddddccbaaa
aabcddddddddcbaa
abcddddddddddcba
abcdddccccdddcba
bcddddcdddddddcb
bcddddccccddddcb
bcddddcddcddddcb
bcddddcddcddddcb
abcdddccccdddcba
abcddddddddddcba
aabcddddddddcbaa
aaabcddddddcbaaa
aaaabbccccbbaaaa
aaaaaabbbbaaaaaa

mana-seven
aaaaaabbbbaaaaaa
aaaabbccccbbaaaa
aaabccddddccbaaa
aabcddddddddcbaa
abcddddddddddcba
abcdddccccdddcba
bcdddddddcddddcb
bcddddddcdddddcb
bcdddddcddddddcb
bcddddcdddddddcb
abcdddcddddddcba
abcddddddddddcba
aabcddddddddcbaa
aaabcddddddcbaaa
aaaabbccccbbaaaa
aaaaaabbbbaaaaaa

mana-eight
aaaaaabbbbaaaaaa
aaaabbccccbbaaaa
aaabccddddccbaaa
aabcddddddddcbaa
abcddddddddddcba
abcdddccccdddcba
bcddddcddcddddcb
bcddddccccddddcb
bcddddcddcddddcb
bcddddcddcddddcb
abcdddccccdddcba
abcddddddddddcba
aabcddddddddcbaa
aaabcddddddcbaaa
aaaabbccccbbaaaa
aaaaaabbbbaaaaaa

mana-nine
aaaaaabbbbaaaaaa
aaaabbccccbbaaaa
aaabccddddccbaaa
aabcddddddddcbaa
abcddddddddddcba
abcdddccccdddcba
bcddddcddcddddcb
bcddddccccddddcb
bcdddddddcddddcb
bcdddddddcddddcb
abcddddddcdddcba
abcddddddddddcba
aabcddddddddcbaa
aaabcddddddcbaaa
aaaabbccccbbaaaa
aaaaaabbbbaaaaaa

tunic
aaaaaaaaaaaaaaaa
aaaaaaddddaaaaaa
aaaaddccccddaaaa
aaddccddddccddaa
adccdbddddbdccda
dcccdbddddbdcccd
ccccdbddddbdcccc
cccccdbddbdccccc
dccdccdbbdccdccd
adcdcccddcccdcda
aadccccccccccdaa
aadbbddddddbbdaa
aadddbbbbbbdddaa
aadccddddddccdaa
aadddccccccdddaa
aaaaddddddddaaaa

tome
aaadddddddddddaa
aadccccccccccdaa
adcccccccccccdaa
adcccbbbbbbccdaa
adcccbbbbbbccdaa
adcccccccccccdaa
adcccccccccccdaa
adcccccccccccdaa
adcccdcdcdcdcdaa
adcccccccccccdaa
adcccccccccccdaa
adccddddddddddaa
adcddbbbbbbbdaaa
adccddddddddddaa
aadccccccccccdaa
aaaddddddddddaaa

chest
eeeeeeeeeeeeeeee
ebedadebbedadebe
ebededebbededebe
eaeccceaaeccceae
eaeccceaaeccceae
eaedddeaaedddeae
ebedadebbedadebe
ebededebbededebe
ebedddebbedddebe
ebedddebbedddebe
ebeeeeebbeeeeebe
ebbbbbaaaabbbbbe
ebeddebeebeddebe
ebeeeeeeeeeeeebe
ebbbbbbbbbbbbbbe
eeeeeeeeeeeeeeee

potion
aaaaaaiiiiaaaaaa
aaaaaicccciaaaaa
aaaaicccccciaaaa
aaaibdccccdeiaaa
aaaibbddddbeiaaa
aaaaibbbbeeiaaaa
aaaibbiiiiieiaaa
aaibbihhhhhieiaa
aaibbbbhhhfheiaa
aaibibgggffgeiaa
aaibibggfffgeiaa
aaibibhhhhfgeiaa
aaibhhhhhhhheiaa
aaaibbhhhhbeiaaa
aaaaiibbbbiiaaaa
aaaaaaiiiiaaaaaa

cloak
aaaaaadaaaaaaaaa
aaaaadcdaaaaddda
aaaadcccddddcccd
aaaadccccccccbbd
aaaaddcccccbbdda
aaadcdbccbbddcbd
aaadccdbbddccbda
aaadcccddccccbda
aaadcccccccccbda
addccccdcccccbda
dcccccdcccccccbd
dbcccdbbccccccbd
adbbbddbccccccbd
aadddadbbcccbbda
aaaaaaadbbbbddaa
aaaaaaaaddddaaaa

gauntlet
aaafaaffaaaaaaaa
aafcffdcfaaaaaaa
aafcccfdcffaaaaa
aafdfffdffdfaaaa
aaafdccfdcfcfaaa
afffddcffffdfaaa
fccfdffebbbfdfaa
fdccfeeffffeffaa
afdcdffccccfefaa
afddcddddffcfaaa
affddfdcfbbffaaa
aafffdcfebfbfaaa
aaafddcfeefbfaaa
aaafdddfeefefaaa
aaaaffddeeffaaaa
aaaaaaffffaaaaaa

boot
adaaaddddaaaaaaa
dcdddccccdaaaaaa
dcccccbccdaaaaaa
dccbbbcccdaaaaaa
dcccccccdaaaaaaa
ddddddddcdaaaaaa
dcdbbbdccdaaaaaa
dccdddcbcdaaaaaa
dcccccbcbdaaaaaa
adcccccbdcddaaaa
adccccbdbcccdaaa
dcdccccccbbccdaa
dcccccccccccccda
dcccdcccccccccda
adddadddddddddaa
aaaaaaaaaaaaaaaa

shovel
aaaaaaaaaaaddaaa
aaaaaaaaaadbbdaa
aaaaaaaaadbbbbda
aaaaaaaaaadbbcbd
aaaadaaaadbbbbbd
aaadcdaadbbcdbda
aadccdadbbcdadaa
adccccdbbcdaaaaa
adcccdbbbdaaaaaa
dccccdbbddaaaaaa
dcccccddcddaaaaa
dcdcdccccccdaaaa
dcddccccccdaaaaa
dccddccccdaaaaaa
adcccccddaaaaaaa
aadddddaaaaaaaaa

staff
aaaddddaaaaaaaaa
aadccccdaaaaaaaa
adccccccdaaaaaaa
dcccddcccdaaaaaa
dccdaadccdaaaaaa
dccdaadccdaaaaaa
dcccdadbcdaaaaaa
dccccdbcccdaaaaa
adccddbcccdaaaaa
aaddaadccbcdaaaa
aaaaaaaddcccdaaa
aaaaaaaaadcccdaa
aaaaaaaaaadcccda
aaaaaaaaaaadcccd
aaaaaaaaaaaadccd
aaaaaaaaaaaaadda

wand1
aaaaaaaaaadddaaa
aaaaaaaaadcccdaa
aaaaaaaadcccbcda
aaaaaaadccbccccd
aaaaaadbdccbcccd
aaaaadbdbcccbbcd
aaaaadbdbdccccda
aaaaaadbdbbdcdaa
aaaaadbbbddbdaaa
aaaadbbbdbbdaaaa
aaadcdbddddaaaaa
aadccbdaaaaaaaaa
adccbdaaaaaaaaaa
dccbdaaaaaaaaaaa
dcbdaaaaaaaaaaaa
addaaaaaaaaaaaaa

wand2
aaaaaaaaaaddddda
aaaaaaaaadcccccd
aaaaaaaaddbcccbd
aaaaaaaddcbcccbd
aaaaaadbdccbbbcd
aaaaadbdbcccbccd
aaaaadbdbdcbcdda
aaaaaadbdbbddaaa
aaaaadbbbddbdaaa
aaaadbbbdbbdaaaa
aaadbdbdaddaaaaa
aadbccdaaaaaaaaa
adbccdaaaaaaaaaa
dbccdaaaaaaaaaaa
dccdaaaaaaaaaaaa
addaaaaaaaaaaaaa

whip
aaaaaaaaaaadddda
aaaaaaaaaadbbbbd
aaaaaaaaaaaddbbd
aaaaaaaaaaddbdbd
aaaaaaaaadbdbdbd
aaaaaaaaadbddada
aaaaaaadddddaaaa
aaaaaaddbbbdaaaa
aaaaadbbdddaaaaa
aaaadbbbdaaaaaaa
aaadcbbdaaaaaaaa
aadccbdaaaaaaaaa
adccbdaaaaaaaaaa
dccbdaaaaaaaaaaa
dcbdaaaaaaaaaaaa
addaaaaaaaaaaaaa

shield
aaaaaaddddaaaaaa
aaaaddbbbbddaaaa
aaadbbbbbbbbdaaa
aadbbccccccbbdaa
aadbccccccccbdaa
adbccccccccccbda
adbccbccccbccbda
adbccbbccbbccbda
adbccdbbbbdccbda
adbcccbbbbcccbda
aadbccdbbdccbdaa
aadbcccddcccbdaa
aaadbccccccbdaaa
aaaadbbccbbdaaaa
aaaaaddbbddaaaaa
aaaaaaaddaaaaaaa

bow-and-arrow
aaaaaaaaaaaaaaaa
aaaaaaaaaaggggaa
aaggggggagcccbga
agddddbdggggccga
gdgggdddddgcgcga
agbaaggddgcggcga
aaabaaaggcgdggaa
aaaabaagcgddgaaa
aaaaabgcggdddgaa
aaggggcgaagddgaa
ageegcgbaagddgaa
gffgcggabaagdgaa
aggcgegaabagdgaa
aaagfegaaabgdgaa
aaagfgaaaagdgaaa
aaaagaaaaaagaaaa

broadsword
aaaaaaaaaaaaeeee
aaaaaaaaaaaeddde
aaaaaaaaaaeddbde
aaaaaaaaaeddbdde
aaaaaaaaeddbddea
aaaaaaaaedbddeaa
aaaaaaaeddddeaaa
aaaeeeecddeeaaaa
aaebbbeedeaaaaaa
aaaebcbeeaaaaaaa
aaaecccbeaaaaaaa
aaebecbbeaaaaaaa
aebbbeebeaaaaaaa
ebbbeaaeaaaaaaaa
ebbeaaaaaaaaaaaa
eeeaaaaaaaaaaaaa

short-sword
aaaaaaaaaaaaaddd
aaaaaaaaaaaadbbd
aaaaaaaaaaadbbbd
aaaaaaaaaadbbbda
aaaaaaaaadbbbdaa
aaaaaaaadbbbdaaa
aaaaaaadbbbdaaaa
aaaaaadbbbdaaaaa
aaadadbbbdaaaaaa
aadbdbbbdaaaaaaa
aadcbdbdaaaaaaaa
aaddcbdaaaaaaaaa
adccdcbdaaaaaaaa
dcccdddaaaaaaaaa
dccdaaaaaaaaaaaa
dddaaaaaaaaaaaaa

crystal
aaaaaaaaaaaaaaaa
aaaaaaeeeeaaaaaa
aaaaeebbbbeeaaaa
aaaebbccccbbeaaa
aaebdcccccccbeaa
aaebdccccbbcbeaa
aebddcccbbbbcbea
aebeddcccbbccbea
aebedbdcccccdbea
aebebddddcbddbea
aaebeeddddbebeaa
aaebeebedeeebeaa
aaaebbebeebbeaaa
aaaaeebbbbeeaaaa
aaaaaaeeeeaaaaaa
aaaaaaaaaaaaaaaa

spell-fire
aaaaaeeeeeeaaaaa
aaaeebbbbbbeeaaa
aaebbeedeeebbeaa
aebcedccdddccbea
aebedcbbdecccbea
ebedcbbeecbccdbe
ebedbbbcbbccddbe
ebddbbbbbbeddcbe
ebedbbbbbcebedbe
ebedcbbbbbbbedbe
ebedebbbbbbcedbe
aebccecbbbcedbea
aebcccceeeedcbea
aaebbddccddbbeaa
aaaeebbbbbbeeaaa
aaaaaeeeeeeaaaaa

spell-vortex
aaaaaaddddaaaaaa
aaaaddbbbbddaaaa
aaadbbbbccbbdaaa
aadbcbbcccccbdaa
adbccbbccccccbda
adbccbcccbbbbbda
dbcccbcbbccbbbbd
dbccccbbbbcccbbd
dbbcccbbbbccccbd
dbbbbccbbcbcccbd
adbbbbbcccbccbda
adbccccccbbccbda
aadbcccccbbcbdaa
aaadbbccbbbbdaaa
aaaaddbbbbddaaaa
aaaaaaddddaaaaaa

spell-lightning
aaaaaaddddaaaaaa
aaaaddbbbbddaaaa
aaadbbcbccbbdaaa
aadbcccbccccbdaa
adbcccbbcccccbda
adbcccbbcccccbda
dbcccbbbccccccbd
dbcccbbbbbbbccbd
dbccbbbbbbbcccbd
dbccccccbbbcccbd
adbcccccbbcccbda
adbcccccbbcccbda
aadbccccbcccbdaa
aaadbbccbcbbdaaa
aaaaddbbbbddaaaa
aaaaaaddddaaaaaa

spell-wave
aaaaaaddddaaaaaa
aaaaddbbbbddaaaa
aaadbbccccbbdaaa
aadbccccccccbdaa
adbccccccccccbda
adbccccccccccbda
dbccbccccbbcccbd
dbcbbbccbbbbcbbd
dbbcbbbbccbbbcbd
dbcccbbccccbccbd
adbccccccccccbda
adbccccccccccbda
aadbccccccccbdaa
aaadbbccccbbdaaa
aaaaddbbbbddaaaa
aaaaaaddddaaaaaa
