abcdefgh
ijklmnop
qrstuvwx
yzABCDEF
GHIJKLMN
OPQ

0 0

a block stone
b brick-corner brick
c brick-edge brick
d brick-wall brick
e broken-floor sand
f bubble-tile shiny
g cave-corner sand
h cave-edge sand
i cave-floor sand
j cave-wall sand
k floral-stone sand
l shiny-tile shiny
m shuttered-door door
n stairs stairs
o stair-down door
p stair-up door
q standing-brazier lantern
r statue door
s stone-corner stone
t stone-edge stone
u stone-floor stone
v stone-tile stone
w stone-wall stone
x tile-floor stairs
y wall-braziers brazier
z wet-floor shallow
A half-door half-door
B stair-door door
C pendant pendant
D scroll scroll
E half-heart heart
F heart heart
G heart-10 heart
H heart-25 heart
I mana-one mana
J mana-two mana
K mana-three mana
L mana-four mana
M mana-five mana
N mana-six mana
O mana-seven mana
P mana-eight mana
Q mana-nine mana

floor lightgrey slategrey darkslategrey black
stairs lightgrey darkslategrey
door white mediumpurple indigo black
wall palegoldenrod darkgoldenrod black saddlebrown
shallow lightblue blue
block mediumpurple indigo black
half-door white orangered maroon palegoldenrod darkgoldenrod saddlebrown mediumpurple indigo black
black-border none black
sand white tan brown black
shiny lightblue blue indigo black
stone lightgreen green darkgreen black
brick white pink black purple
red-border none red
lantern white orangered maroon black darkgoldenrod saddlebrown
blue-border none blue
brazier white orangered maroon palegoldenrod darkgoldenrod saddlebrown black
green-border none green
pendant none black white gold lightgreen green
scroll none black orange gold white
heart none black white red darkred
mana none black white darkgreen

stone-tile
aaaaaaaaaaaaaaaa
aaccccccacccccaa
acbbbbbcacccccca
acbbbbbcacccccca
acbbbbacacccccca
acbbbacaaaaaccca
acaaacacccccacca
accccacccccccaaa
aaaaacccccccacca
accccacccccacbca
acccccacccacbbca
accccccaaacbbbca
accccccaccbbbbca
accccccacaaaaaca
aacccccaccccccaa
aaaaaaaaaaaaaaaa

stairs
aaaaaaaaaaaaaaaa
aaaaaaaaaaaaaaaa
bbbbbbbbbbbbbbbb
bbbbbbbbbbbbbbbb
baaaaaaaaaaaaaab
baaaaaaaaaaaaaab
bbbbbbbbbbbbbbbb
bbbbbbbbbbbbbbbb
bbaaaaaaaaaaaabb
bbaaaaaaaaaaaabb
bbbbbbbbbbbbbbbb
bbbbbbbbbbbbbbbb
bbbaaaaaaaaaabbb
bbbaaaaaaaaaabbb
bbbbbbbbbbbbbbbb
bbbbbbbbbbbbbbbb

front-door
daaaaaaaaaaaaaad
daaaaaaaaaaaaaad
daaaaaaaaaaaaaad
dbbbbbbbbbbbbbbd
dbccccccccccccbd
dbccccccccccccbd
dbccccccccccccbd
dbccccccccccccbd
dbccccccccccccbd
dbccccccccccccbd
dbccaaccccaaccbd
dbcabbaccabbacbd
dbabbbbaabbbbabd
dbbbddbbbbddbbbd
dbbddddbbddddbbd
dddddddddddddddd

brick-wall
aaaaaaaaaaaaaaaa
bdcbbbbbbdcbbbbb
ddcbddbdddcbddbd
ddcdddddddcddddd
ddcdddddddcddddd
cccccccccccccccc
bbbbdcbbbbbbdcbb
dddddcdddddddcdd
dddddcdddddddcdd
cccccccccccccccc
bdcbbbbbbdcbbbbb
ddcdddddddcddddd
cccccccccccccccc
dddddcdddddddcdd
cccccccccccccccc
cccccccccccccccc

brick-corner
aaaaaaaaaaaaaaaa
abbbbbbbbdcbbbbb
abcccdddddcbddbd
abccccddddcddddd
abdccccdddcddddd
abddcccccccccccc
abdddcccbbbbdcbd
abdddcccdddddcdd
abdddcbdccdddcdd
abbddcbdcccccccc
abdddcccccccbbbb
abdddcdddcccdddd
abbddcbddcbccccc
acccccbddcbdccdd
addddcbddcbdcccc
abdddcbddcbdcdcc

brick-edge
aabddcbddcbdcdcc
aabbdcdddcbdcdcc
bbabdcccccbdcccc
dbbabcbdddbdcdcc
dddbacbddcbdcdcc
cccccbbddccccdcc
dddddbaddcddcdcc
ddddddbadcbdcdcc
dddddcddacbdcdcc
cccccccccdbdcdcc
bdcbbbbbbbadcdcc
ddcddddddddbcdcc
ccccccccccccdbcc
dddddcdddddddbcc
cccccccccccccccc
cccccccccccccccc

bubble-tile
bbbaaaaaaaaaabbb
bbaabbbbbbbbaabb
baabaaaabbbbbaab
aabaabbbbbbbbbaa
abaabbbbbbbbbbba
ababbbbbbbbbbbba
ababbbbbbbbbbbba
abbbbbbbbbbbbbba
ababbbbbbbbbbbba
abbbbbbbbbbbbcba
abbbbbbbbbbbbcba
abbbbbbbbbbbccba
aabbbbbbbbbccbaa
baabbbccccccbaab
bbaabbbbbbbbaabb
bbbaaaaaaaaaabbb

block
cccccccccccccccc
caabbbbbbbbbbbbc
cbbabbbbbbbbbccc
cbbbaaaaaaaacccc
cbbbabbbbbbacccc
cbbbabaaaabacccc
cbbbabaaaabacccc
cbbbabaaaabacccc
cbbbabaaaabacccc
cbbbabbbbbbacccc
cbbbaaaaaaaacccc
cbbbccccccccaccc
cbbccccccccccacc
cbccccccccccccac
ccccccccccccccac
cccccccccccccccc

broken-floor
aabaaabaaaabaaaa
aabbbbbaaaaabaab
bbbaaabaaaaaccba
abaaaaacaaaacaaa
abaaaaaccccccaaa
aabaaacaaacaacaa
aaacccaaaacaaaca
aaaaacaaacaaaaac
aaaaacbaacaaaaac
aaaaaccccccccaac
bbaacaaccbaaacca
aabcaaaacaaaacaa
aaabaaaacaaaacaa
aaabbaaaccbbbbba
abbaabbbaaaaaaab
aaaaaaabaaaaaaaa

cave-wall
abccccccdbbbcccd
aabbcccccdbbccdd
baabbcccccdccddc
bbaabbccccddddcb
bbaabbbbcccdddcb
baabbbbcccdccddc
aabbcccccdbbccdd
aabccddddbbbbccd
abccccccdbbbcccd
aabbcccccdbbccdd
baabbcccccdccddc
bbaabbccccddddcb
bbaabbbbcccdddcb
baabbbbcccdccddc
aabbcccccdbbccdd
aabccddddbbbbccd

cave-edge
dccbbbbddcccbaab
ddccbbdcccbbaaba
cddccdcccbbbaaaa
bcdddccccbbbaaab
bcddddcccbbabbbc
cddccdcccbabbbbc
ddccbbdcccbbbbcd
dcccbbbdcccccccd
dccccccddccccccd
cddddddcbdccccdb
bddcbbdcbbdcddbb
bdcbbbdcbbcddcbb
bdcbbcdcbccddccc
bcdccddcccddddcc
bbcddddccddccddc
dbbbbcddddcbbcdd

cave-floor
bbbbbccbbbcbbbbb
bbcbcabdbbbbbbbb
bbbbccddbbbbbbbb
bbbbbbbbbbbcbbbb
bbcbbbbbbbcadbbb
bbbbbbcbbbcdcbbb
bccbbbbbbbbbbbbb
caccbbbccbbbbbbb
cccdbbbcacbbbbcb
bddcbbbcccbbbbbb
bbbbccbbbbbbbbbb
bcbcabcbbbbccbbb
bbbdbcdbbbcabcbb
bbbcddcbbbcbcdbb
bbbbbbbbbbbddcbb
aaaaaaaaaaaaaaaa

cave-corner
bbbaaaaaaabbbbaa
bbbaabbbaaabbaab
bbaaabccbbaaaabc
aaaaabcccbbaabbc
aaaabbccccbbbbcc
abbbbbccdcbbbccc
abbcccccdcbbcccc
abccdddddccbcccc
abccccccdcccccdb
aabbccccddccddbb
baabbccccdddcbbb
bbaabbccccddccbb
bbaabbbbcdcddccc
baabbbbcdcccddcc
aabbccccdbcccddc
aabccdddbbbcccdd

floral-stone
aabbbbbaaaabaaaa
aabbbbbaaaaabaaa
babaaabaaababbbb
abaaaaabaaaabaaa
abaaaaabbbbbbaaa
abbaaabbbbbaabaa
baabbbbbbbbaaabb
aaaaabbbbbbaaaab
aabaabbbbbbaaaab
baaaabbbbbbbaaab
bbaabaaabaaabbba
abbbaaaabaaaabaa
abbbaaaabaababaa
abbbbaabbbaaabaa
bbaaabbbbbbbbaab
abaaabbbbbbaaaaa

half-door
bccccccbiaaaaaaa
ccbbbbcciaaaaaaa
cbbaabbciaaaaaaa
cbaaaabciggggggg
cbaaaabcighhhhhh
cbbaabbcighhhhhh
ccbbbbccighhhhhh
bccccccbighhhhhh
iddddddiighhhhhh
ieeeeeeiighhiihh
iiiiiiiiighiaaih
fieddeifigiaggai
fieddeifigagggga
fiieeiifigggiigg
iiiiiiiiiggiiiig
iiiiiiiiiiiiiiii

shiny-tile
aaaaaaaaaaaaaaaa
aabbbbbbbbbbbbaa
abbbbabbaaabbbba
abbaabbaabbbbbba
abaabbaabbbbbbba
ababbaabbbbbbbba
abbbaabbbbbbbbba
abbaabbbbbbbbbba
abaabbbbbbbbbbba
ababbbbbbbbbbbba
ababbbbbbbbbbbba
abbbbbbbbbbbbbba
abbbbbbbbbbbbbba
acbbbbbbbbbbbbca
aaccccccccccccaa
aaaaaaaaaaaaaaaa

shuttered-door
daaaaaaaaaaaaaad
daaaaaaaaaaaaaad
daaaaaaaaaaaaaad
dbbbbbbbbbbbbbbd
dbccccccccccccbd
dbccccccccccccbd
dbccccccccccccbd
dbccccccccccccbd
dbccccccccccccbd
dbccccccccccccbd
dbccaaccccaaccbd
dbcabbaccabbacbd
dbabbbbaabbbbabd
dbbbddbbbbddbbbd
dbbddddbbddddbbd
dddddddddddddddd

standing-brazier
acddddddddddddca
cdaaaadaddaaaadc
daaaadaadadbaaad
daaadabadaadbaad
daadaabbabadbaad
daadabbcbbadbaad
daadabbccbadbaad
daaadabddadbaaad
daaaaaaaaaaaaaad
dfaaaaaaaaaaaafd
daffffffffffffad
daaaaaaaaaaaaaad
deaaadaaaadaaaed
edeaaadaadaaaede
dadeeeeeeeeeedad
ddfddddddddddfdd

stair-down
cccccccccccccccc
caaaaaaaaaaaaaac
cadccccccdddddac
cadccccccdaaadac
caddddddddaaadac
caddddddddaaadac
caddddbbbdaaadac
caddddbbbdaaadac
caddddbbbdaaadac
cadccdbbbdaaadac
cadccdbbbdaaadac
cadccdbbbdaaadac
cadccdbbbdaaadac
caddddddddddddac
caaaaaaaaaaaaaac
cccccccccccccccc

stair-door
aaaaaaaaaaaaaaaa
bbbbbbbbbbbbbbbb
bbcddddddddddcbb
bcdddddddbbbbdcb
bddddddddbabbbdb
bddddddddcbabbdb
bdddddbbdccbabdb
bddddbbbbdccbadb
bdddbabbbbdccbdb
bdddcbaabbbdccdb
bdddcccbaabbdcdb
bdddddcccbaabddb
bdbabddddccbabdb
bdaaaaabddddccdb
bdaaaaaaaabddddb
dddddddddddddddd

stair-up
ccccccccccdddddd
caaaaaaaaadbbbbd
cabbbbdddddbbbbd
cabbbbdbbbdbbbbd
cadddddbbbdbbbbd
cadbbbdbbbdbbbbd
cadbbbdbbbdaaaad
cadbbbdbbbdddddd
cadbbbdaaadddddd
cadbbbdddddddddd
cadaaadddddddddd
cadddddddddddddd
cadddddddddddddd
cabbbbbbbbbbbbbc
caaaaaaaaaaaaaac
cccccccccccccccc

statue
bbbbbddddddbdddd
bbdddcbaabcdddbb
bdaadbbaabbdaadb
bdbdcbbbbbbdbbdb
bdcdbbddddbbdcdb
bbdcbdaaaadbcdbb
bddcdaaddaadcddb
dadcdbaddabdcdad
dbdddcbaabcdddbd
dddcbddddddbcddd
dadcbbbbbbbbcdad
daadcbbaabbcdaad
bddddcbbbbcddddd
bbdabdccccdbaddb
bdabbcddddcbbadb
bddddddddddddddb

stone-wall
aaaaaaaaaaaaaaaa
bccccccccccccccc
cbbccccccbbccccc
cccccccccccccccc
cccccccccccccccc
cccccddccccccddc
cccccbbccccccbbc
cccccccccccccccc
cccddccccccddccc
dddddddddddddddd
bbbbbccbbbbbbccb
cccccbbccccccbbc
ddccccccddcccccc
cccccccccccccccc
dddddddddddddddd
dddddddddddddddd

stone-floor
bcaabaabbcaabaaa
abcaaacbbbcaaaaa
aabcccbaaabcabaa
aabbbbaaaaabcaba
aabbaaaabacbbaaa
acbaabaaacbbbcaa
cbaabaaacbaaabcc
bbabaaacbaaaaabb
bbcaaacbaaaaaacb
aabcccbaaaabacba
aaabbbaaaabacbaa
aaaabaababacbbaa
abaabcaaaacbbbaa
aabaabccccbaabca
aaabaabbbbaaaabc
caaaaaabbaaaaaab

stone-edge
aacccccccdbcccdd
aabccccccdcbccdd
cbabcccccdcbccdd
ccbabcccddbcccdd
cccbabccddbcccdd
ccccbabccdbcccdd
cccccbabcdbcdcdd
ccccccbacdbcdcdd
cccddcccadbcccdd
dddddddddcbcccdd
bbbbbccbbbacccdd
cccccbbccccbccdd
ddccccccccccbcdd
cccccccccccccbdd
dddddddddddddddd
dddddddddddddddd

stone-corner
aaaaaaaaaaaaaaaa
abbbbbbbbbbbbbbb
abddcccccbbccccc
abdddccccccccccc
abcdddcccccccccc
abccdddccccccddc
abcccdddcccccbbc
abccccddcccccccc
abccccccddcccccc
abcccdbcdddddddd
abcccdbccdddbbbb
abcccccccdddcccc
abcccccccdbdcccc
abbccccccdbcddcc
abbccccccdbccddd
abcccccccdbcccdd

tile-floor
aaaaaaaabbbbbbbb
aaaaaaaabbbbbbbb
aaaaaaaabbbbbbbb
aaaaaaaabbbbbbbb
aaaaaaaabbbbbbbb
aaaaaaaabbbbbbbb
aaaaaaaabbbbbbbb
aaaaaaaabbbbbbbb
bbbbbbbbaaaaaaaa
bbbbbbbbaaaaaaaa
bbbbbbbbaaaaaaaa
bbbbbbbbaaaaaaaa
bbbbbbbbaaaaaaaa
bbbbbbbbaaaaaaaa
bbbbbbbbaaaaaaaa
bbbbbbbbaaaaaaaa

wall-braziers
bccccccbbccccccb
ccbbbbccccbbbbcc
cbbaabbccbbaabbc
cbaaaabccbaaaabc
cbaaaabccbaaaabc
cbbaabbccbbaabbc
ccbbbbccccbbbbcc
bccccccbbccccccb
gddddddggddddddg
geeeeeeggeeeeeeg
fgeddegffgeddegf
fgeddegffgeddegf
fggeeggffggeeggf
gggggggggggggggg
gggggggggggggggg
gggggggggggggggg

wet-floor
bbbbbbbbbbbbbbbb
baabbbbbbaabbbbb
bbbbbbbbbbbbbbbb
bbbbbbbbbbbbbbbb
bbbbbbbbbbbbbbbb
bbbbaabbbbbbaabb
bbbbbbbbbbbbbbbb
bbbbbbbbbbbbbbbb
bbbbbbbbbbbbbbbb
baabbbbbbaabbbbb
bbbbbbbbbbbbbbbb
bbbbbbbbbbbbbbbb
bbbbbbbbbbbbbbbb
bbbbaabbbbbbaabb
bbbbbbbbbbbbbbbb
bbbbbbbbbbbbbbbb

pendant
aaabbbaaabbbaaaa
aabcddbabddcbaaa
abcbbbcbdbbbcbaa
bdbcbbbdbbbcbdba
bdbbddbdbddbcbdb
abcdbbbdbbbdbbdb
aabbaaabcbbdbbcb
aaaaaabbcbcbdcba
aaaaabcbbebcbbaa
aaaabccceffbaaaa
aaaabeceffcbaaaa
aaaabeefecebaaaa
aaaabfeeeefbaaaa
aaaaabffffbaaaaa
aaaaaabbbbaaaaaa
aaaaaaaaaaaaaaaa

scroll
aaaaabbbbaaaaaaa
aaaabcdddbaaaaaa
aaabcddeedbabbaa
aaabcddeeebbedba
aaabcdddeebbbedb
aabcddeeebcdcbdb
aabcdddebcdedcdb
aabcdeeebcdeeddb
abcdddebcdececba
abcdeeebcdceddba
bcddeebcdeeedbaa
bdbbdebcceeddbaa
bdbeebcdeeddbaaa
bcdbbddeeddbaaaa
abcddddddbbaaaaa
aabbbbbbbaaaaaaa

half-heart
aaabbbaaaabbbaaa
aabcccbaabcccbaa
abcbbbcbbcbbbcba
bcbbbbbccbbbbbcb
bcbbbccbbccbbbcb
bcbbcddccddcbbcb
bcbbcdeddedcbbcb
abcbcdeeeedcbcba
abcbbcdeedcbbcba
aabcbbcddcbbcbaa
aaabcbbccbbcbaaa
aaaabcbbbbcbaaaa
aaaaabcbbcbaaaaa
aaaaaabccbaaaaaa
aaaaaaabbaaaaaaa
aaaaaaaaaaaaaaaa

heart
aaabbbaaaabbbaaa
aabcccbaabcccbaa
abcdddcbbcdddcba
bcdddddccddeedcb
bcdddeedddeeedcb
bcddeeeedeeeedcb
bcddeeeccceeedcb
abcddeeceeeedcba
abcdeeeccceedcba
aabcdeeeecedcbaa
aaabcdecccdcbaaa
aaaabcdeedcbaaaa
aaaaabcddcbaaaaa
aaaaaabccbaaaaaa
aaaaaaabbaaaaaaa
aaaaaaaaaaaaaaaa

heart-10
aaabbbaaaabbbaaa
aabcccbaabcccbaa
abcdddcbbcdddcba
bcdddddccdddddcb
bcdddcdddcccddcb
bcddccdddcdcddcb
bcdddcdddcdcddcb
abcddcdddcdcdcba
abcdcccddcccdcba
aabcddddddddcbaa
aaabcddddddcbaaa
aaaabcddddcbaaaa
aaaaabcddcbaaaaa
aaaaaabccbaaaaaa
aaaaaaabbaaaaaaa
aaaaaaaaaaaaaaaa

heart-25
aaabbbaaaabbbaaa
aabcccbaabcccbaa
abcdddcbbcdddcba
bcdddddccdddddcb
bcddcccddcccddcb
bcddddcddcddddcb
bcdddcdddcccddcb
abcdcddddddcdcba
abcdcccddcccdcba
aabcddddddddcbaa
aaabcddddddcbaaa
aaaabcddddcbaaaa
aaaaabcddcbaaaaa
aaaaaabccbaaaaaa
aaaaaaabbaaaaaaa
aaaaaaaaaaaaaaaa

mana-one
aaaaaabbbbaaaaaa
aaaabbccccbbaaaa
aaabccddddccbaaa
aabcddddddddcbaa
abcddddddddddcba
abcdddddcddddcba
bcdddddccdddddcb
bcddddcdcdddddcb
bcddddddcdddddcb
bcddddddcdddddcb
abcddddcccddddcb
abcddddddddddcba
aabcddddddddcbaa
aaabcddddddcbaaa
aaaabbccccbbaaaa
aaaaaabbbbaaaaaa

mana-two
aaaaaabbbbaaaaaa
aaaabbccccbbaaaa
aaabccddddccbaaa
aabcddddddddcbaa
abcddddddddddcba
abcdddccccdddcba
bcdddddddcddddcb
bcdddddddcddddcb
bcddddccccddddcb
bcddddcdddddddcb
abcdddccccddddcb
abcddddddddddcba
aabcddddddddcbaa
aaabcddddddcbaaa
aaaabbccccbbaaaa
aaaaaabbbbaaaaaa

mana-three
aaaaaabbbbaaaaaa
aaaabbccccbbaaaa
aaabccddddccbaaa
aabcddddddddcbaa
abcddddddddddcba
abcdddccccdddcba
bcdddddddcddddcb
bcddddccccddddcb
bcdddddddcddddcb
bcdddddddcddddcb
abcdddccccddddcb
abcddddddddddcba
aabcddddddddcbaa
aaabcddddddcbaaa
aaaabbccccbbaaaa
aaaaaabbbbaaaaaa

mana-four
aaaaaabbbbaaaaaa
aaaabbccccbbaaaa
aaabccddddccbaaa
aabcddddddddcbaa
abcddddddddddcba
abcddddddcdddcba
bcddddddccddddcb
bcdddddcdcddddcb
bcddddccccddddcb
bcdddddddcddddcb
abcddddddcddddcb
abcddddddddddcba
aabcddddddddcbaa
aaabcddddddcbaaa
aaaabbccccbbaaaa
aaaaaabbbbaaaaaa

mana-five
aaaaaabbbbaaaaaa
aaaabbccccbbaaaa
aaabccddddccbaaa
aabcddddddddcbaa
abcddddddddddcba
abcdddccccdddcba
bcddddcdddddddcb
bcddddccccddddcb
bcdddddddcddddcb
bcdddddddcddddcb
abcdddccccddddcb
abcddddddddddcba
aabcddddddddcbaa
aaabcddddddcbaaa
aaaabbccccbbaaaa
aaaaaabbbbaaaaaa

mana-six
aaaaaabbbbaaaaaa
aaaabbccccbbaaaa
aaabccddddccbaaa
aabcddddddddcbaa
abcddddddddddcba
abcdddccccdddcba
bcddddcdddddddcb
bcddddccccddddcb
bcddddcddcddddcb
bcddddcddcddddcb
abcdddccccddddcb
abcddddddddddcba
aabcddddddddcbaa
aaabcddddddcbaaa
aaaabbccccbbaaaa
aaaaaabbbbaaaaaa

mana-three
aaaaaabbbbaaaaaa
aaaabbccccbbaaaa
aaabccddddccbaaa
aabcddddddddcbaa
abcddddddddddcba
abcdddccccdddcba
bcdddddddcddddcb
bcddddddcdddddcb
bcdddddcddddddcb
bcddddcdddddddcb
abcdddcdddddddcb
abcddddddddddcba
aabcddddddddcbaa
aaabcddddddcbaaa
aaaabbccccbbaaaa
aaaaaabbbbaaaaaa

mana-eight
aaaaaabbbbaaaaaa
aaaabbccccbbaaaa
aaabccddddccbaaa
aabcddddddddcbaa
abcddddddddddcba
abcdddccccdddcba
bcddddcddcddddcb
bcddddccccddddcb
bcddddcddcddddcb
bcddddcddcddddcb
abcdddccccddddcb
abcddddddddddcba
aabcddddddddcbaa
aaabcddddddcbaaa
aaaabbccccbbaaaa
aaaaaabbbbaaaaaa

mana-nine
aaaaaabbbbaaaaaa
aaaabbccccbbaaaa
aaabccddddccbaaa
aabcddddddddcbaa
abcddddddddddcba
abcdddccccdddcba
bcddddcddcddddcb
bcddddccccddddcb
bcdddddddcddddcb
bcdddddddcddddcb
abcddddddcddddcb
abcddddddddddcba
aabcddddddddcbaa
aaabcddddddcbaaa
aaaabbccccbbaaaa
aaaaaabbbbaaaaaa
